test_exact_components_at_all_registered_precisions (test_final_scale_arb_codec_v1.CodecTests.test_exact_components_at_all_registered_precisions) ... ok
test_full_radius_mantissas_and_rounding_boundaries (test_final_scale_arb_codec_v1.CodecTests.test_full_radius_mantissas_and_rounding_boundaries) ... ok
test_guard_failure_propagates_without_changing_precision (test_final_scale_arb_codec_v1.CodecTests.test_guard_failure_propagates_without_changing_precision) ... ok
test_invalid_types_shapes_and_nonfinite_values_refused (test_final_scale_arb_codec_v1.CodecTests.test_invalid_types_shapes_and_nonfinite_values_refused) ... ok
test_low_precision_load_and_oversized_midpoint_refused (test_final_scale_arb_codec_v1.CodecTests.test_low_precision_load_and_oversized_midpoint_refused) ... ok
test_noncanonical_components_refused (test_final_scale_arb_codec_v1.CodecTests.test_noncanonical_components_refused) ... ok
test_unsigned_high_limbs_roundtrip (test_final_scale_arb_codec_v1.CodecTests.test_unsigned_high_limbs_roundtrip) ... ok
test_all_green_rows_replayed_from_captured_hvp_balls (test_final_scale_numeric_replay_v1.ReplayTests.test_all_green_rows_replayed_from_captured_hvp_balls) ... ok
test_all_training_examples_and_terminal_output_population_present (test_final_scale_numeric_replay_v1.ReplayTests.test_all_training_examples_and_terminal_output_population_present) ... ok
test_complete_graph_is_evidence_not_an_issued_event (test_final_scale_numeric_replay_v1.ReplayTests.test_complete_graph_is_evidence_not_an_issued_event) ... ok
test_complete_replay_closes_without_authorizing_a_future (test_final_scale_numeric_replay_v1.ReplayTests.test_complete_replay_closes_without_authorizing_a_future) ... ok
test_external_checkpoint_hash_change_refused (test_final_scale_numeric_replay_v1.ReplayTests.test_external_checkpoint_hash_change_refused) ... ok
test_local_response_replayed_from_captured_intervals (test_final_scale_numeric_replay_v1.ReplayTests.test_local_response_replayed_from_captured_intervals) ... ok
test_point_logits_contain_independent_higher_precision_forward (test_final_scale_numeric_replay_v1.ReplayTests.test_point_logits_contain_independent_higher_precision_forward) ... ok
test_rehashed_green_direction_rejected (test_final_scale_numeric_replay_v1.ReplayTests.test_rehashed_green_direction_rejected) ... ok
test_rehashed_missing_example_refused (test_final_scale_numeric_replay_v1.ReplayTests.test_rehashed_missing_example_refused) ... ok
test_rehashed_point_parameter_change_refused (test_final_scale_numeric_replay_v1.ReplayTests.test_rehashed_point_parameter_change_refused) ... ok
test_rehashed_response_error_rejected_by_arithmetic (test_final_scale_numeric_replay_v1.ReplayTests.test_rehashed_response_error_rejected_by_arithmetic) ... ok
test_rehashed_training_mean_recomputed (test_final_scale_numeric_replay_v1.ReplayTests.test_rehashed_training_mean_recomputed) ... ok
test_actual_layernorm_epsilon_checked_after_selection_rehash (test_final_scale_observation_v1.ObservationTests.test_actual_layernorm_epsilon_checked_after_selection_rehash) ... ok
test_completed_observer_cannot_restart_even_admission (test_final_scale_observation_v1.ObservationTests.test_completed_observer_cannot_restart_even_admission) ... ok
test_constructor_cannot_restart_a_reserved_phase (test_final_scale_observation_v1.ObservationTests.test_constructor_cannot_restart_a_reserved_phase) ... ok
test_failed_update_keeps_one_shot_reservation_and_no_seal (test_final_scale_observation_v1.ObservationTests.test_failed_update_keeps_one_shot_reservation_and_no_seal) ... ok
test_fixture_option_is_not_implicitly_enabled (test_final_scale_observation_v1.ObservationTests.test_fixture_option_is_not_implicitly_enabled) ... ok
test_foreign_disposition_runtime_refused (test_final_scale_observation_v1.ObservationTests.test_foreign_disposition_runtime_refused) ... ok
test_independent_output_audit_does_not_rerun_updates (test_final_scale_observation_v1.ObservationTests.test_independent_output_audit_does_not_rerun_updates) ... ok
test_no_candidate_refused_before_model_reconstruction (test_final_scale_observation_v1.ObservationTests.test_no_candidate_refused_before_model_reconstruction) ... ok
test_real_count_replay_rejects_the_synthetic_gate (test_final_scale_observation_v1.ObservationTests.test_real_count_replay_rejects_the_synthetic_gate) ... ok
test_rehashed_foreign_update_intent_rejected (test_final_scale_observation_v1.ObservationTests.test_rehashed_foreign_update_intent_rejected) ... ok
test_rehashed_forged_logits_rejected_by_point_reexecution (test_final_scale_observation_v1.ObservationTests.test_rehashed_forged_logits_rejected_by_point_reexecution) ... ok
test_rehashed_issued_flag_cannot_authorize_a_certificate (test_final_scale_observation_v1.ObservationTests.test_rehashed_issued_flag_cannot_authorize_a_certificate) ... ok
test_separate_numeric_construction_and_abstention_disposition (test_final_scale_observation_v1.ObservationTests.test_separate_numeric_construction_and_abstention_disposition) ... ok
test_true_updates_once_and_only_after_durable_intents (test_final_scale_observation_v1.ObservationTests.test_true_updates_once_and_only_after_durable_intents) ... ok
test_audit_does_not_reset_observation_clock (test_final_scale_seal_controller_v1.BudgetTests.test_audit_does_not_reset_observation_clock) ... ok
test_disposition_does_not_reset_construction_clock (test_final_scale_seal_controller_v1.BudgetTests.test_disposition_does_not_reset_construction_clock) ... ok
test_invalid_phase_rung_and_clock_refused (test_final_scale_seal_controller_v1.BudgetTests.test_invalid_phase_rung_and_clock_refused) ... ok
test_new_rung_does_not_reset_overall_clock (test_final_scale_seal_controller_v1.BudgetTests.test_new_rung_does_not_reset_overall_clock) ... ok
test_reentering_same_group_cannot_extend_deadline (test_final_scale_seal_controller_v1.BudgetTests.test_reentering_same_group_cannot_extend_deadline) ... ok
test_all_rungs_run_in_order_without_replacement_seeds (test_final_scale_seal_controller_v1.ControllerTests.test_all_rungs_run_in_order_without_replacement_seeds) ... ok
test_execution_failure_stops_without_retry_or_next_rung (test_final_scale_seal_controller_v1.ControllerTests.test_execution_failure_stops_without_retry_or_next_rung) ... ok
test_guard_failure_before_first_phase_cannot_launch (test_final_scale_seal_controller_v1.ControllerTests.test_guard_failure_before_first_phase_cannot_launch) ... ok
test_no_candidate_never_constructs_or_observes (test_final_scale_seal_controller_v1.ControllerTests.test_no_candidate_never_constructs_or_observes) ... ok
test_observed_count_mismatch_is_retained_and_stops (test_final_scale_seal_controller_v1.ControllerTests.test_observed_count_mismatch_is_retained_and_stops) ... ok
test_uncovered_issued_bracket_stops_at_audit (test_final_scale_seal_controller_v1.ControllerTests.test_uncovered_issued_bracket_stops_at_audit) ... ok
test_zero_exit_like_result_is_not_a_phase_certificate (test_final_scale_seal_controller_v1.ControllerTests.test_zero_exit_like_result_is_not_a_phase_certificate) ... ok
test_every_protocol_field_is_fixed (test_final_scale_seal_controller_v1.SealTests.test_every_protocol_field_is_fixed) ... ok
test_external_hash_and_duplicate_json_keys_checked (test_final_scale_seal_controller_v1.SealTests.test_external_hash_and_duplicate_json_keys_checked) ... ok
test_publication_requires_exact_immutable_commit_bytes (test_final_scale_seal_controller_v1.SealTests.test_publication_requires_exact_immutable_commit_bytes) ... ok
test_runtime_groups_and_observer_input_pins (test_final_scale_seal_controller_v1.SealTests.test_runtime_groups_and_observer_input_pins) ... ok
test_changed_selected_timing_or_stale_clock_refused (test_final_scale_engine_v1.EngineTests.test_changed_selected_timing_or_stale_clock_refused) ... ok
test_failed_completion_write_does_not_permit_another_update (test_final_scale_engine_v1.EngineTests.test_failed_completion_write_does_not_permit_another_update) ... ok
test_failed_freeze_record_returns_no_snapshot_and_cannot_retry (test_final_scale_engine_v1.EngineTests.test_failed_freeze_record_returns_no_snapshot_and_cannot_retry) ... ok
test_failed_intent_write_stops_before_true_update (test_final_scale_engine_v1.EngineTests.test_failed_intent_write_stops_before_true_update) ... ok
test_forecast_does_not_continue_or_modify_optimizer (test_final_scale_engine_v1.EngineTests.test_forecast_does_not_continue_or_modify_optimizer) ... ok
test_guard_failure_poisoned_engine (test_final_scale_engine_v1.EngineTests.test_guard_failure_poisoned_engine) ... ok
test_invalid_runtime_refused_before_model_construction (test_final_scale_engine_v1.EngineTests.test_invalid_runtime_refused_before_model_construction) ... ok
test_one_way_freeze_prevents_all_selector_continuation (test_final_scale_engine_v1.EngineTests.test_one_way_freeze_prevents_all_selector_continuation) ... ok
test_registered_configs_resolve_without_constructing_scale_models (test_final_scale_engine_v1.EngineTests.test_registered_configs_resolve_without_constructing_scale_models) ... ok
test_true_updates_match_independent_unscaled_momentum (test_final_scale_engine_v1.EngineTests.test_true_updates_match_independent_unscaled_momentum) ... ok
test_boundary_values (test_final_scale_runtime_v1.EnvelopeTests.test_boundary_values) ... ok
test_each_cap_is_enforced (test_final_scale_runtime_v1.EnvelopeTests.test_each_cap_is_enforced) ... ok
test_invalid_samples_cannot_disable_caps (test_final_scale_runtime_v1.EnvelopeTests.test_invalid_samples_cannot_disable_caps) ... ok
test_phase_budgets_and_no_retry_policy (test_final_scale_runtime_v1.EnvelopeTests.test_phase_budgets_and_no_retry_policy) ... ok
test_address_space_limit_in_separate_pinned_child (test_final_scale_runtime_v1.LinuxWorkerTests.test_address_space_limit_in_separate_pinned_child) ... ok
test_completed_worker_is_not_a_scientific_certificate (test_final_scale_runtime_v1.LinuxWorkerTests.test_completed_worker_is_not_a_scientific_certificate) ... ok
test_failure_is_retained_without_retry (test_final_scale_runtime_v1.LinuxWorkerTests.test_failure_is_retained_without_retry) ... ok
test_source_guard_failure_stops_worker (test_final_scale_runtime_v1.LinuxWorkerTests.test_source_guard_failure_stops_worker) ... ok
test_timeout_terminates_only_owned_child_and_keeps_reservation (test_final_scale_runtime_v1.LinuxWorkerTests.test_timeout_terminates_only_owned_child_and_keeps_reservation) ... ok

----------------------------------------------------------------------
Ran 68 tests in 9.948s

OK
